#! /c/Source/iverilog-install/bin/vvp
:ivl_version "12.0 (devel)" "(s20150603-1110-g18392a46)";
:ivl_delay_selection "TYPICAL";
:vpi_time_precision + 0;
:vpi_module "D:\iverilog\lib\ivl\system.vpi";
:vpi_module "D:\iverilog\lib\ivl\vhdl_sys.vpi";
:vpi_module "D:\iverilog\lib\ivl\vhdl_textio.vpi";
:vpi_module "D:\iverilog\lib\ivl\v2005_math.vpi";
:vpi_module "D:\iverilog\lib\ivl\va_math.vpi";
S_00000213ffed5e50 .scope module, "half_adder" "half_adder" 2 23;
 .timescale 0 0;
    .port_info 0 /INPUT 1 "L";
    .port_info 1 /INPUT 1 "M";
    .port_info 2 /OUTPUT 1 "SUM";
    .port_info 3 /OUTPUT 1 "CARRY";
v00000213fffed340_0 .net "CARRY", 0 0, L_00000213fffe9480;  1 drivers
o00000213ffed6fb8 .functor BUFZ 1, C4<z>; HiZ drive
v00000213fffed3e0_0 .net "L", 0 0, o00000213ffed6fb8;  0 drivers
o00000213ffed6fe8 .functor BUFZ 1, C4<z>; HiZ drive
v00000213fffe6700_0 .net "M", 0 0, o00000213ffed6fe8;  0 drivers
v00000213fffe67a0_0 .net "SUM", 0 0, L_00000213fffe6dd0;  1 drivers
S_00000213ffed6170 .scope module, "U1" "and_gate" 2 24, 2 8 0, S_00000213ffed5e50;
 .timescale 0 0;
    .port_info 0 /INPUT 1 "A";
    .port_info 1 /INPUT 1 "B";
    .port_info 2 /OUTPUT 1 "Y";
L_00000213fffe9480 .functor AND 1, o00000213ffed6fb8, o00000213ffed6fe8, C4<1>, C4<1>;
v00000213fffe6ff0_0 .net "A", 0 0, o00000213ffed6fb8;  alias, 0 drivers
v00000213ffed53f0_0 .net "B", 0 0, o00000213ffed6fe8;  alias, 0 drivers
v00000213fffe93e0_0 .net "Y", 0 0, L_00000213fffe9480;  alias, 1 drivers
S_00000213fffecfd0 .scope module, "U2" "xor_gate" 2 25, 2 18 0, S_00000213ffed5e50;
 .timescale 0 0;
    .port_info 0 /INPUT 1 "A";
    .port_info 1 /INPUT 1 "B";
    .port_info 2 /OUTPUT 1 "Y";
L_00000213fffe6dd0 .functor XOR 1, o00000213ffed6fb8, o00000213ffed6fe8, C4<0>, C4<0>;
v00000213fffed160_0 .net "A", 0 0, o00000213ffed6fb8;  alias, 0 drivers
v00000213fffed200_0 .net "B", 0 0, o00000213ffed6fe8;  alias, 0 drivers
v00000213fffed2a0_0 .net "Y", 0 0, L_00000213fffe6dd0;  alias, 1 drivers
S_00000213ffed5fe0 .scope module, "or_gate" "or_gate" 2 13;
 .timescale 0 0;
    .port_info 0 /INPUT 1 "A";
    .port_info 1 /INPUT 1 "B";
    .port_info 2 /OUTPUT 1 "Y";
o00000213ffed7258 .functor BUFZ 1, C4<z>; HiZ drive
o00000213ffed7288 .functor BUFZ 1, C4<z>; HiZ drive
L_00000213fffe7210 .functor OR 1, o00000213ffed7258, o00000213ffed7288, C4<0>, C4<0>;
v00000213fffe6840_0 .net "A", 0 0, o00000213ffed7258;  0 drivers
v00000213fff1ff50_0 .net "B", 0 0, o00000213ffed7288;  0 drivers
v00000213fff1fc30_0 .net "Y", 0 0, L_00000213fffe7210;  1 drivers
# The file index is used to find the file name in the following table.
:file_names 3;
    "N/A";
    "<interactive>";
    "half_adder.v";
