#! /c/Source/iverilog-install/bin/vvp
:ivl_version "12.0 (devel)" "(s20150603-1110-g18392a46)";
:ivl_delay_selection "TYPICAL";
:vpi_time_precision + 0;
:vpi_module "D:\iverilog\lib\ivl\system.vpi";
:vpi_module "D:\iverilog\lib\ivl\vhdl_sys.vpi";
:vpi_module "D:\iverilog\lib\ivl\vhdl_textio.vpi";
:vpi_module "D:\iverilog\lib\ivl\v2005_math.vpi";
:vpi_module "D:\iverilog\lib\ivl\va_math.vpi";
S_000001fc0685ab70 .scope module, "tb" "tb" 2 40;
 .timescale 0 0;
v000001fc068c2480_0 .var "A", 3 0;
v000001fc068c1c60_0 .var "B", 3 0;
v000001fc068c18a0_0 .net "carry", 0 0, L_000001fc068c4c50;  1 drivers
v000001fc068c1d00_0 .var "cin", 0 0;
v000001fc068c2520_0 .net "sum", 3 0, L_000001fc068c2840;  1 drivers
S_000001fc0685ad00 .scope module, "uut" "fourbit_adder" 2 47, 2 29 0, S_000001fc0685ab70;
 .timescale 0 0;
    .port_info 0 /INPUT 4 "A";
    .port_info 1 /INPUT 4 "B";
    .port_info 2 /INPUT 1 "Cin";
    .port_info 3 /OUTPUT 4 "Sum";
    .port_info 4 /OUTPUT 1 "COUT";
v000001fc068c1440_0 .net "A", 3 0, v000001fc068c2480_0;  1 drivers
v000001fc068c1bc0_0 .net "B", 3 0, v000001fc068c1c60_0;  1 drivers
v000001fc068c14e0_0 .net "C1", 0 0, L_000001fc068c4630;  1 drivers
v000001fc068c22a0_0 .net "C2", 0 0, L_000001fc068c45c0;  1 drivers
v000001fc068c1300_0 .net "C3", 0 0, L_000001fc068c48d0;  1 drivers
v000001fc068c2340_0 .net "COUT", 0 0, L_000001fc068c4c50;  alias, 1 drivers
v000001fc068c2a20_0 .net "Cin", 0 0, v000001fc068c1d00_0;  1 drivers
v000001fc068c23e0_0 .net "Sum", 3 0, L_000001fc068c2840;  alias, 1 drivers
L_000001fc068c2660 .part v000001fc068c2480_0, 0, 1;
L_000001fc068c1da0 .part v000001fc068c1c60_0, 0, 1;
L_000001fc068c1080 .part v000001fc068c2480_0, 1, 1;
L_000001fc068c25c0 .part v000001fc068c1c60_0, 1, 1;
L_000001fc068c1e40 .part v000001fc068c2480_0, 2, 1;
L_000001fc068c2ac0 .part v000001fc068c1c60_0, 2, 1;
L_000001fc068c0cc0 .part v000001fc068c2480_0, 3, 1;
L_000001fc068c27a0 .part v000001fc068c1c60_0, 3, 1;
L_000001fc068c2840 .concat8 [ 1 1 1 1], L_000001fc068603e0, L_000001fc068c46a0, L_000001fc068c4860, L_000001fc068c4710;
S_000001fc0685ae90 .scope module, "U1" "full_adder" 2 33, 2 20 0, S_000001fc0685ad00;
 .timescale 0 0;
    .port_info 0 /INPUT 1 "A";
    .port_info 1 /INPUT 1 "B";
    .port_info 2 /INPUT 1 "Cin";
    .port_info 3 /OUTPUT 1 "SUM";
    .port_info 4 /OUTPUT 1 "Cout";
v000001fc068b6e60_0 .net "A", 0 0, L_000001fc068c2660;  1 drivers
v000001fc068b6f00_0 .net "B", 0 0, L_000001fc068c1da0;  1 drivers
v000001fc068b5a60_0 .net "CARRY_OUTPUT", 0 0, L_000001fc06860530;  1 drivers
v000001fc068b7360_0 .net "Cin", 0 0, v000001fc068c1d00_0;  alias, 1 drivers
v000001fc068b70e0_0 .net "Cout", 0 0, L_000001fc068c4630;  alias, 1 drivers
v000001fc068b6460_0 .net "SUM", 0 0, L_000001fc068603e0;  1 drivers
v000001fc068b6c80_0 .net "SUM_OUTPUT", 0 0, L_000001fc06860370;  1 drivers
v000001fc068b63c0_0 .net "Y2", 0 0, L_000001fc068604c0;  1 drivers
S_000001fc06855760 .scope module, "u1" "half_adder" 2 23, 2 9 0, S_000001fc0685ae90;
 .timescale 0 0;
    .port_info 0 /INPUT 1 "A";
    .port_info 1 /INPUT 1 "B";
    .port_info 2 /OUTPUT 1 "SUM";
    .port_info 3 /OUTPUT 1 "CARRY";
L_000001fc06860370 .functor XOR 1, L_000001fc068c2660, L_000001fc068c1da0, C4<0>, C4<0>;
L_000001fc06860530 .functor AND 1, L_000001fc068c2660, L_000001fc068c1da0, C4<1>, C4<1>;
v000001fc068623c0_0 .net "A", 0 0, L_000001fc068c2660;  alias, 1 drivers
v000001fc068628c0_0 .net "B", 0 0, L_000001fc068c1da0;  alias, 1 drivers
v000001fc06861b00_0 .net "CARRY", 0 0, L_000001fc06860530;  alias, 1 drivers
v000001fc06861c40_0 .net "SUM", 0 0, L_000001fc06860370;  alias, 1 drivers
S_000001fc068558f0 .scope module, "u2" "half_adder" 2 24, 2 9 0, S_000001fc0685ae90;
 .timescale 0 0;
    .port_info 0 /INPUT 1 "A";
    .port_info 1 /INPUT 1 "B";
    .port_info 2 /OUTPUT 1 "SUM";
    .port_info 3 /OUTPUT 1 "CARRY";
L_000001fc068603e0 .functor XOR 1, L_000001fc06860370, v000001fc068c1d00_0, C4<0>, C4<0>;
L_000001fc068604c0 .functor AND 1, L_000001fc06860370, v000001fc068c1d00_0, C4<1>, C4<1>;
v000001fc06861ec0_0 .net "A", 0 0, L_000001fc06860370;  alias, 1 drivers
v000001fc06861e20_0 .net "B", 0 0, v000001fc068c1d00_0;  alias, 1 drivers
v000001fc06861f60_0 .net "CARRY", 0 0, L_000001fc068604c0;  alias, 1 drivers
v000001fc06862000_0 .net "SUM", 0 0, L_000001fc068603e0;  alias, 1 drivers
S_000001fc06855a80 .scope module, "u3" "or_gate" 2 25, 2 15 0, S_000001fc0685ae90;
 .timescale 0 0;
    .port_info 0 /INPUT 1 "A";
    .port_info 1 /INPUT 1 "B";
    .port_info 2 /OUTPUT 1 "Y";
L_000001fc068c4630 .functor OR 1, L_000001fc06860530, L_000001fc068604c0, C4<0>, C4<0>;
v000001fc068620a0_0 .net "A", 0 0, L_000001fc06860530;  alias, 1 drivers
v000001fc06862460_0 .net "B", 0 0, L_000001fc068604c0;  alias, 1 drivers
v000001fc068b68c0_0 .net "Y", 0 0, L_000001fc068c4630;  alias, 1 drivers
S_000001fc0680da00 .scope module, "U2" "full_adder" 2 34, 2 20 0, S_000001fc0685ad00;
 .timescale 0 0;
    .port_info 0 /INPUT 1 "A";
    .port_info 1 /INPUT 1 "B";
    .port_info 2 /INPUT 1 "Cin";
    .port_info 3 /OUTPUT 1 "SUM";
    .port_info 4 /OUTPUT 1 "Cout";
v000001fc068b7680_0 .net "A", 0 0, L_000001fc068c1080;  1 drivers
v000001fc068b6960_0 .net "B", 0 0, L_000001fc068c25c0;  1 drivers
v000001fc068b6500_0 .net "CARRY_OUTPUT", 0 0, L_000001fc068c4b70;  1 drivers
v000001fc068b6a00_0 .net "Cin", 0 0, L_000001fc068c4630;  alias, 1 drivers
v000001fc068b66e0_0 .net "Cout", 0 0, L_000001fc068c45c0;  alias, 1 drivers
v000001fc068b6140_0 .net "SUM", 0 0, L_000001fc068c46a0;  1 drivers
v000001fc068b5b00_0 .net "SUM_OUTPUT", 0 0, L_000001fc068c4470;  1 drivers
v000001fc068b61e0_0 .net "Y2", 0 0, L_000001fc068c4a90;  1 drivers
S_000001fc0680db90 .scope module, "u1" "half_adder" 2 23, 2 9 0, S_000001fc0680da00;
 .timescale 0 0;
    .port_info 0 /INPUT 1 "A";
    .port_info 1 /INPUT 1 "B";
    .port_info 2 /OUTPUT 1 "SUM";
    .port_info 3 /OUTPUT 1 "CARRY";
L_000001fc068c4470 .functor XOR 1, L_000001fc068c1080, L_000001fc068c25c0, C4<0>, C4<0>;
L_000001fc068c4b70 .functor AND 1, L_000001fc068c1080, L_000001fc068c25c0, C4<1>, C4<1>;
v000001fc068b7400_0 .net "A", 0 0, L_000001fc068c1080;  alias, 1 drivers
v000001fc068b7180_0 .net "B", 0 0, L_000001fc068c25c0;  alias, 1 drivers
v000001fc068b74a0_0 .net "CARRY", 0 0, L_000001fc068c4b70;  alias, 1 drivers
v000001fc068b7220_0 .net "SUM", 0 0, L_000001fc068c4470;  alias, 1 drivers
S_000001fc0680dd20 .scope module, "u2" "half_adder" 2 24, 2 9 0, S_000001fc0680da00;
 .timescale 0 0;
    .port_info 0 /INPUT 1 "A";
    .port_info 1 /INPUT 1 "B";
    .port_info 2 /OUTPUT 1 "SUM";
    .port_info 3 /OUTPUT 1 "CARRY";
L_000001fc068c46a0 .functor XOR 1, L_000001fc068c4470, L_000001fc068c4630, C4<0>, C4<0>;
L_000001fc068c4a90 .functor AND 1, L_000001fc068c4470, L_000001fc068c4630, C4<1>, C4<1>;
v000001fc068b6b40_0 .net "A", 0 0, L_000001fc068c4470;  alias, 1 drivers
v000001fc068b5ce0_0 .net "B", 0 0, L_000001fc068c4630;  alias, 1 drivers
v000001fc068b6aa0_0 .net "CARRY", 0 0, L_000001fc068c4a90;  alias, 1 drivers
v000001fc068b7540_0 .net "SUM", 0 0, L_000001fc068c46a0;  alias, 1 drivers
S_000001fc06806710 .scope module, "u3" "or_gate" 2 25, 2 15 0, S_000001fc0680da00;
 .timescale 0 0;
    .port_info 0 /INPUT 1 "A";
    .port_info 1 /INPUT 1 "B";
    .port_info 2 /OUTPUT 1 "Y";
L_000001fc068c45c0 .functor OR 1, L_000001fc068c4b70, L_000001fc068c4a90, C4<0>, C4<0>;
v000001fc068b75e0_0 .net "A", 0 0, L_000001fc068c4b70;  alias, 1 drivers
v000001fc068b72c0_0 .net "B", 0 0, L_000001fc068c4a90;  alias, 1 drivers
v000001fc068b6fa0_0 .net "Y", 0 0, L_000001fc068c45c0;  alias, 1 drivers
S_000001fc068068a0 .scope module, "U3" "full_adder" 2 35, 2 20 0, S_000001fc0685ad00;
 .timescale 0 0;
    .port_info 0 /INPUT 1 "A";
    .port_info 1 /INPUT 1 "B";
    .port_info 2 /INPUT 1 "Cin";
    .port_info 3 /OUTPUT 1 "SUM";
    .port_info 4 /OUTPUT 1 "Cout";
v000001fc068b6d20_0 .net "A", 0 0, L_000001fc068c1e40;  1 drivers
v000001fc068b6780_0 .net "B", 0 0, L_000001fc068c2ac0;  1 drivers
v000001fc068b6dc0_0 .net "CARRY_OUTPUT", 0 0, L_000001fc068c4be0;  1 drivers
v000001fc068b6640_0 .net "Cin", 0 0, L_000001fc068c45c0;  alias, 1 drivers
v000001fc068b5ec0_0 .net "Cout", 0 0, L_000001fc068c48d0;  alias, 1 drivers
v000001fc068b77c0_0 .net "SUM", 0 0, L_000001fc068c4860;  1 drivers
v000001fc068b6820_0 .net "SUM_OUTPUT", 0 0, L_000001fc068c4e10;  1 drivers
v000001fc068b7040_0 .net "Y2", 0 0, L_000001fc068c4ef0;  1 drivers
S_000001fc06806a30 .scope module, "u1" "half_adder" 2 23, 2 9 0, S_000001fc068068a0;
 .timescale 0 0;
    .port_info 0 /INPUT 1 "A";
    .port_info 1 /INPUT 1 "B";
    .port_info 2 /OUTPUT 1 "SUM";
    .port_info 3 /OUTPUT 1 "CARRY";
L_000001fc068c4e10 .functor XOR 1, L_000001fc068c1e40, L_000001fc068c2ac0, C4<0>, C4<0>;
L_000001fc068c4be0 .functor AND 1, L_000001fc068c1e40, L_000001fc068c2ac0, C4<1>, C4<1>;
v000001fc068b7860_0 .net "A", 0 0, L_000001fc068c1e40;  alias, 1 drivers
v000001fc068b5c40_0 .net "B", 0 0, L_000001fc068c2ac0;  alias, 1 drivers
v000001fc068b5ba0_0 .net "CARRY", 0 0, L_000001fc068c4be0;  alias, 1 drivers
v000001fc068b7720_0 .net "SUM", 0 0, L_000001fc068c4e10;  alias, 1 drivers
S_000001fc068665c0 .scope module, "u2" "half_adder" 2 24, 2 9 0, S_000001fc068068a0;
 .timescale 0 0;
    .port_info 0 /INPUT 1 "A";
    .port_info 1 /INPUT 1 "B";
    .port_info 2 /OUTPUT 1 "SUM";
    .port_info 3 /OUTPUT 1 "CARRY";
L_000001fc068c4860 .functor XOR 1, L_000001fc068c4e10, L_000001fc068c45c0, C4<0>, C4<0>;
L_000001fc068c4ef0 .functor AND 1, L_000001fc068c4e10, L_000001fc068c45c0, C4<1>, C4<1>;
v000001fc068b65a0_0 .net "A", 0 0, L_000001fc068c4e10;  alias, 1 drivers
v000001fc068b5d80_0 .net "B", 0 0, L_000001fc068c45c0;  alias, 1 drivers
v000001fc068b6280_0 .net "CARRY", 0 0, L_000001fc068c4ef0;  alias, 1 drivers
v000001fc068b5e20_0 .net "SUM", 0 0, L_000001fc068c4860;  alias, 1 drivers
S_000001fc06866750 .scope module, "u3" "or_gate" 2 25, 2 15 0, S_000001fc068068a0;
 .timescale 0 0;
    .port_info 0 /INPUT 1 "A";
    .port_info 1 /INPUT 1 "B";
    .port_info 2 /OUTPUT 1 "Y";
L_000001fc068c48d0 .functor OR 1, L_000001fc068c4be0, L_000001fc068c4ef0, C4<0>, C4<0>;
v000001fc068b6be0_0 .net "A", 0 0, L_000001fc068c4be0;  alias, 1 drivers
v000001fc068b6320_0 .net "B", 0 0, L_000001fc068c4ef0;  alias, 1 drivers
v000001fc068b6000_0 .net "Y", 0 0, L_000001fc068c48d0;  alias, 1 drivers
S_000001fc068668e0 .scope module, "U4" "full_adder" 2 36, 2 20 0, S_000001fc0685ad00;
 .timescale 0 0;
    .port_info 0 /INPUT 1 "A";
    .port_info 1 /INPUT 1 "B";
    .port_info 2 /INPUT 1 "Cin";
    .port_info 3 /OUTPUT 1 "SUM";
    .port_info 4 /OUTPUT 1 "Cout";
v000001fc068c1b20_0 .net "A", 0 0, L_000001fc068c0cc0;  1 drivers
v000001fc068c1580_0 .net "B", 0 0, L_000001fc068c27a0;  1 drivers
v000001fc068c1940_0 .net "CARRY_OUTPUT", 0 0, L_000001fc068c44e0;  1 drivers
v000001fc068c2020_0 .net "Cin", 0 0, L_000001fc068c48d0;  alias, 1 drivers
v000001fc068c0f40_0 .net "Cout", 0 0, L_000001fc068c4c50;  alias, 1 drivers
v000001fc068c20c0_0 .net "SUM", 0 0, L_000001fc068c4710;  1 drivers
v000001fc068c2160_0 .net "SUM_OUTPUT", 0 0, L_000001fc068c4400;  1 drivers
v000001fc068c2700_0 .net "Y2", 0 0, L_000001fc068c4f60;  1 drivers
S_000001fc068c0a40 .scope module, "u1" "half_adder" 2 23, 2 9 0, S_000001fc068668e0;
 .timescale 0 0;
    .port_info 0 /INPUT 1 "A";
    .port_info 1 /INPUT 1 "B";
    .port_info 2 /OUTPUT 1 "SUM";
    .port_info 3 /OUTPUT 1 "CARRY";
L_000001fc068c4400 .functor XOR 1, L_000001fc068c0cc0, L_000001fc068c27a0, C4<0>, C4<0>;
L_000001fc068c44e0 .functor AND 1, L_000001fc068c0cc0, L_000001fc068c27a0, C4<1>, C4<1>;
v000001fc068b5f60_0 .net "A", 0 0, L_000001fc068c0cc0;  alias, 1 drivers
v000001fc068b7900_0 .net "B", 0 0, L_000001fc068c27a0;  alias, 1 drivers
v000001fc068b60a0_0 .net "CARRY", 0 0, L_000001fc068c44e0;  alias, 1 drivers
v000001fc068c1f80_0 .net "SUM", 0 0, L_000001fc068c4400;  alias, 1 drivers
S_000001fc068c2be0 .scope module, "u2" "half_adder" 2 24, 2 9 0, S_000001fc068668e0;
 .timescale 0 0;
    .port_info 0 /INPUT 1 "A";
    .port_info 1 /INPUT 1 "B";
    .port_info 2 /OUTPUT 1 "SUM";
    .port_info 3 /OUTPUT 1 "CARRY";
L_000001fc068c4710 .functor XOR 1, L_000001fc068c4400, L_000001fc068c48d0, C4<0>, C4<0>;
L_000001fc068c4f60 .functor AND 1, L_000001fc068c4400, L_000001fc068c48d0, C4<1>, C4<1>;
v000001fc068c13a0_0 .net "A", 0 0, L_000001fc068c4400;  alias, 1 drivers
v000001fc068c16c0_0 .net "B", 0 0, L_000001fc068c48d0;  alias, 1 drivers
v000001fc068c19e0_0 .net "CARRY", 0 0, L_000001fc068c4f60;  alias, 1 drivers
v000001fc068c1ee0_0 .net "SUM", 0 0, L_000001fc068c4710;  alias, 1 drivers
S_000001fc068c38b0 .scope module, "u3" "or_gate" 2 25, 2 15 0, S_000001fc068668e0;
 .timescale 0 0;
    .port_info 0 /INPUT 1 "A";
    .port_info 1 /INPUT 1 "B";
    .port_info 2 /OUTPUT 1 "Y";
L_000001fc068c4c50 .functor OR 1, L_000001fc068c44e0, L_000001fc068c4f60, C4<0>, C4<0>;
v000001fc068c2200_0 .net "A", 0 0, L_000001fc068c44e0;  alias, 1 drivers
v000001fc068c1a80_0 .net "B", 0 0, L_000001fc068c4f60;  alias, 1 drivers
v000001fc068c0c20_0 .net "Y", 0 0, L_000001fc068c4c50;  alias, 1 drivers
    .scope S_000001fc0685ab70;
T_0 ;
    %vpi_call 2 52 "$dumpfile", "fourbit_adder.vcd" {0 0 0};
    %vpi_call 2 53 "$dumpvars", 32'sb00000000000000000000000000000000, S_000001fc0685ab70 {0 0 0};
    %pushi/vec4 10, 0, 4;
    %store/vec4 v000001fc068c2480_0, 0, 4;
    %pushi/vec4 5, 0, 4;
    %store/vec4 v000001fc068c1c60_0, 0, 4;
    %pushi/vec4 0, 0, 1;
    %store/vec4 v000001fc068c1d00_0, 0, 1;
    %delay 10, 0;
    %vpi_call 2 57 "$display", "A = %b, B = %b, Cin = %b, COUT = %b, SUM = %b", v000001fc068c2480_0, v000001fc068c1c60_0, v000001fc068c1d00_0, v000001fc068c18a0_0, v000001fc068c2520_0 {0 0 0};
    %vpi_call 2 59 "$finish" {0 0 0};
    %end;
    .thread T_0;
# The file index is used to find the file name in the following table.
:file_names 3;
    "N/A";
    "<interactive>";
    "four_bit_adder_rtl.v";
