#! /c/Source/iverilog-install/bin/vvp
:ivl_version "12.0 (devel)" "(s20150603-1110-g18392a46)";
:ivl_delay_selection "TYPICAL";
:vpi_time_precision + 0;
:vpi_module "D:\iverilog\lib\ivl\system.vpi";
:vpi_module "D:\iverilog\lib\ivl\vhdl_sys.vpi";
:vpi_module "D:\iverilog\lib\ivl\vhdl_textio.vpi";
:vpi_module "D:\iverilog\lib\ivl\v2005_math.vpi";
:vpi_module "D:\iverilog\lib\ivl\va_math.vpi";
S_0000013956ca5850 .scope module, "full_adder" "full_adder" 2 20;
 .timescale 0 0;
    .port_info 0 /INPUT 1 "A";
    .port_info 1 /INPUT 1 "B";
    .port_info 2 /INPUT 1 "Cin";
    .port_info 3 /OUTPUT 1 "SUM";
    .port_info 4 /OUTPUT 1 "Cout";
o0000013956ca6fb8 .functor BUFZ 1, C4<z>; HiZ drive
v0000013956cf23c0_0 .net "A", 0 0, o0000013956ca6fb8;  0 drivers
o0000013956ca6fe8 .functor BUFZ 1, C4<z>; HiZ drive
v0000013956cf2460_0 .net "B", 0 0, o0000013956ca6fe8;  0 drivers
v0000013956cf26e0_0 .net "CARRY_OUTPUT", 0 0, L_0000013956de7210;  1 drivers
o0000013956ca7138 .functor BUFZ 1, C4<z>; HiZ drive
v0000013956cf1b00_0 .net "Cin", 0 0, o0000013956ca7138;  0 drivers
v0000013956cf1e20_0 .net "Cout", 0 0, L_0000013956ca4030;  1 drivers
v0000013956cf19c0_0 .net "SUM", 0 0, L_0000013956ca3ec0;  1 drivers
v0000013956cf2500_0 .net "SUM_OUTPUT", 0 0, L_0000013956de6dd0;  1 drivers
v0000013956cf25a0_0 .net "Y2", 0 0, L_0000013956ca3fc0;  1 drivers
S_0000013956ca59e0 .scope module, "u1" "half_adder" 2 23, 2 9 0, S_0000013956ca5850;
 .timescale 0 0;
    .port_info 0 /INPUT 1 "A";
    .port_info 1 /INPUT 1 "B";
    .port_info 2 /OUTPUT 1 "SUM";
    .port_info 3 /OUTPUT 1 "CARRY";
L_0000013956de6dd0 .functor XOR 1, o0000013956ca6fb8, o0000013956ca6fe8, C4<0>, C4<0>;
L_0000013956de7210 .functor AND 1, o0000013956ca6fb8, o0000013956ca6fe8, C4<1>, C4<1>;
v0000013956ca5b70_0 .net "A", 0 0, o0000013956ca6fb8;  alias, 0 drivers
v0000013956de6ff0_0 .net "B", 0 0, o0000013956ca6fe8;  alias, 0 drivers
v0000013956ca6590_0 .net "CARRY", 0 0, L_0000013956de7210;  alias, 1 drivers
v0000013956de6700_0 .net "SUM", 0 0, L_0000013956de6dd0;  alias, 1 drivers
S_0000013956de67a0 .scope module, "u2" "half_adder" 2 24, 2 9 0, S_0000013956ca5850;
 .timescale 0 0;
    .port_info 0 /INPUT 1 "A";
    .port_info 1 /INPUT 1 "B";
    .port_info 2 /OUTPUT 1 "SUM";
    .port_info 3 /OUTPUT 1 "CARRY";
L_0000013956ca3ec0 .functor XOR 1, L_0000013956de6dd0, o0000013956ca7138, C4<0>, C4<0>;
L_0000013956ca3fc0 .functor AND 1, L_0000013956de6dd0, o0000013956ca7138, C4<1>, C4<1>;
v0000013956debcf0_0 .net "A", 0 0, L_0000013956de6dd0;  alias, 1 drivers
v0000013956debd90_0 .net "B", 0 0, o0000013956ca7138;  alias, 0 drivers
v0000013956debe30_0 .net "CARRY", 0 0, L_0000013956ca3fc0;  alias, 1 drivers
v0000013956de6930_0 .net "SUM", 0 0, L_0000013956ca3ec0;  alias, 1 drivers
S_0000013956de69d0 .scope module, "u3" "or_gate" 2 25, 2 15 0, S_0000013956ca5850;
 .timescale 0 0;
    .port_info 0 /INPUT 1 "A";
    .port_info 1 /INPUT 1 "B";
    .port_info 2 /OUTPUT 1 "Y";
L_0000013956ca4030 .functor OR 1, L_0000013956de7210, L_0000013956ca3fc0, C4<0>, C4<0>;
v0000013956de6b60_0 .net "A", 0 0, L_0000013956de7210;  alias, 1 drivers
v0000013956cf1880_0 .net "B", 0 0, L_0000013956ca3fc0;  alias, 1 drivers
v0000013956cf2320_0 .net "Y", 0 0, L_0000013956ca4030;  alias, 1 drivers
# The file index is used to find the file name in the following table.
:file_names 3;
    "N/A";
    "<interactive>";
    "full_adder_rtl.v";
